
> portfolio@0.0.0 build
> tsc -b && vite build

src/App.tsx(1,1): error TS6133: 'React' is declared but its value is never read.
src/components/About.tsx(1,1): error TS6133: 'React' is declared but its value is never read.
src/components/About.tsx(2,1): error TS6133: 'motion' is declared but its value is never read.
src/components/Achievements.tsx(1,1): error TS6133: 'React' is declared but its value is never read.
src/components/BackToTop.tsx(1,8): error TS6133: 'React' is declared but its value is never read.
src/components/FeaturedProjects.tsx(1,1): error TS6133: 'React' is declared but its value is never read.
src/components/Footer.tsx(1,1): error TS6133: 'React' is declared but its value is never read.
src/components/Hero.tsx(1,1): error TS6133: 'React' is declared but its value is never read.
src/components/Hero.tsx(3,40): error TS6133: 'Mail' is declared but its value is never read.
src/components/Navbar.tsx(1,8): error TS6133: 'React' is declared but its value is never read.
src/components/ProjectShowcase.tsx(1,1): error TS6133: 'React' is declared but its value is never read.
src/components/TechStack.tsx(1,1): error TS6133: 'React' is declared but its value is never read.
